<?xml version="1.0" encoding="utf-8"?><testsuites name="pytest tests"><testsuite name="pytest" errors="0" failures="0" skipped="0" tests="68" time="8.557" timestamp="2026-08-27T16:23:30.198747+07:00" hostname="DESKTOP-R13IH8J"><properties><property name="hypothesis-statistics-tests/test_circuit_breaker_properties.py::test_circuit_only_opens_after_consecutive_failure_threshold" value="dGVzdHMvdGVzdF9jaXJjdWl0X2JyZWFrZXJfcHJvcGVydGllcy5weTo6dGVzdF9jaXJjdWl0X29ubHlfb3BlbnNfYWZ0ZXJfY29uc2VjdXRpdmVfZmFpbHVyZV90aHJlc2hvbGQ6CgogIC0gZHVyaW5nIGdlbmVyYXRlIHBoYXNlICgwLjM4IHNlY29uZHMpOgogICAgLSBUeXBpY2FsIHJ1bnRpbWVzOiB+IDAtMyBtcywgb2Ygd2hpY2ggfiAwLTIgbXMgaW4gZGF0YSBnZW5lcmF0aW9uCiAgICAtIDEwMCBwYXNzaW5nLCAwIGZhaWxpbmcsIGFuZCAxMyBpbnZhbGlkIHRlc3QgY2FzZXMKCiAgLSBTdG9wcGVkIGJlY2F1c2Ugc2V0dGluZ3MubWF4X2V4YW1wbGVzPTEwMA==" /><property name="hypothesis-statistics-tests/test_circuit_breaker_properties.py::test_success_resets_any_subthreshold_failure_run" value="dGVzdHMvdGVzdF9jaXJjdWl0X2JyZWFrZXJfcHJvcGVydGllcy5weTo6dGVzdF9zdWNjZXNzX3Jlc2V0c19hbnlfc3VidGhyZXNob2xkX2ZhaWx1cmVfcnVuOgoKICAtIGR1cmluZyBnZW5lcmF0ZSBwaGFzZSAoMC4wMyBzZWNvbmRzKToKICAgIC0gVHlwaWNhbCBydW50aW1lczogfiAwLTEgbXMsIG9mIHdoaWNoIDwgMW1zIGluIGRhdGEgZ2VuZXJhdGlvbgogICAgLSAyMCBwYXNzaW5nLCAwIGZhaWxpbmcsIGFuZCAwIGludmFsaWQgdGVzdCBjYXNlcwoKICAtIFN0b3BwZWQgYmVjYXVzZSBub3RoaW5nIGxlZnQgdG8gZG8=" /></properties><testcase classname="tests.test_bonus" name="test_concurrent_load_improves_wall_clock_throughput" time="0.650" /><testcase classname="tests.test_bonus" name="test_half_open_allows_only_one_probe_at_a_time" time="0.001" /><testcase classname="tests.test_bonus" name="test_cost_budget_uses_cheaper_provider_then_stops" time="0.069" /><testcase classname="tests.test_cache" name="test_exact_match_returns_hit" time="0.001" /><testcase classname="tests.test_cache" name="test_similar_query_returns_hit" time="0.001" /><testcase classname="tests.test_cache" name="test_dissimilar_query_returns_miss" time="0.002" /><testcase classname="tests.test_cache" name="test_ttl_expiry" time="1.102" /><testcase classname="tests.test_cache" name="test_privacy_query_bypasses_cache" time="0.001" /><testcase classname="tests.test_cache" name="test_privacy_query_not_stored" time="0.001" /><testcase classname="tests.test_cache" name="test_false_hit_detection_different_years" time="0.001" /><testcase classname="tests.test_cache" name="test_same_year_not_flagged_as_false_hit" time="0.001" /><testcase classname="tests.test_cache" name="test_ngram_similarity_scores" time="0.002" /><testcase classname="tests.test_chaos" name="test_run_scenario_collects_success_metrics" time="0.168" /><testcase classname="tests.test_chaos" name="test_calculate_recovery_time_averages_transitions" time="0.001" /><testcase classname="tests.test_circuit_breaker" name="test_starts_closed" time="0.002" /><testcase classname="tests.test_circuit_breaker" name="test_opens_after_failure_threshold" time="0.002" /><testcase classname="tests.test_circuit_breaker" name="test_does_not_open_below_threshold" time="0.001" /><testcase classname="tests.test_circuit_breaker" name="test_success_resets_failure_count" time="0.002" /><testcase classname="tests.test_circuit_breaker" name="test_open_transitions_to_half_open_after_timeout" time="0.153" /><testcase classname="tests.test_circuit_breaker" name="test_half_open_closes_on_success" time="0.152" /><testcase classname="tests.test_circuit_breaker" name="test_half_open_reopens_on_failure" time="0.152" /><testcase classname="tests.test_circuit_breaker" name="test_call_raises_circuit_open_error" time="0.001" /><testcase classname="tests.test_circuit_breaker" name="test_call_records_success_and_failure" time="0.001" /><testcase classname="tests.test_circuit_breaker" name="test_transition_log_records_state_changes" time="0.001" /><testcase classname="tests.test_circuit_breaker" name="test_no_duplicate_transitions" time="0.001" /><testcase classname="tests.test_circuit_breaker" name="test_success_threshold_greater_than_one" time="0.102" /><testcase classname="tests.test_circuit_breaker_properties" name="test_circuit_only_opens_after_consecutive_failure_threshold" time="0.389" /><testcase classname="tests.test_circuit_breaker_properties" name="test_success_resets_any_subthreshold_failure_run" time="0.034" /><testcase classname="tests.test_config" name="test_default_config_loads" time="0.017" /><testcase classname="tests.test_config" name="test_scenarios_loaded" time="0.018" /><testcase classname="tests.test_gateway_contract" name="test_gateway_returns_response_with_route_reason" time="0.009" /><testcase classname="tests.test_gateway_contract" name="test_gateway_falls_back_when_primary_fails" time="0.039" /><testcase classname="tests.test_gateway_contract" name="test_gateway_returns_static_fallback_when_all_fail" time="0.094" /><testcase classname="tests.test_gateway_contract" name="test_gateway_uses_cache" time="0.062" /><testcase classname="tests.test_metrics" name="test_percentile" time="0.001" /><testcase classname="tests.test_metrics" name="test_report_dict_contains_required_metrics" time="0.001" /><testcase classname="tests.test_redis_cache" name="test_redis_connection" time="0.030" /><testcase classname="tests.test_redis_cache" name="test_set_and_exact_get" time="0.015" /><testcase classname="tests.test_redis_cache" name="test_ttl_expiry" time="1.518" /><testcase classname="tests.test_redis_cache" name="test_shared_state_across_instances" time="0.044" /><testcase classname="tests.test_redis_cache" name="test_privacy_query_not_cached" time="0.015" /><testcase classname="tests.test_redis_cache" name="test_false_hit_different_years" time="0.019" /><testcase classname="tests.test_redis_circuit_breaker" name="test_circuit_state_is_shared_across_instances" time="0.149" /><testcase classname="tests.test_redis_degradation" name="test_redis_outage_degrades_to_memory_cache" time="0.002" /><testcase classname="tests.test_redis_degradation" name="test_redis_outage_still_enforces_privacy_guard" time="0.002" /><testcase classname="tests.test_reliability_quality" name="test_cache_hit_reports_actual_provider_cost_and_route_reason" time="0.023" /><testcase classname="tests.test_reliability_quality" name="test_scenario_separates_end_to_end_and_provider_latency" time="0.024" /><testcase classname="tests.test_reliability_quality" name="test_named_scenarios_require_their_intended_behavior[primary_timeout_100-metrics0]" time="0.001" /><testcase classname="tests.test_reliability_quality" name="test_named_scenarios_require_their_intended_behavior[primary_flaky_50-metrics1]" time="0.002" /><testcase classname="tests.test_reliability_quality" name="test_named_scenarios_require_their_intended_behavior[all_healthy-metrics2]" time="0.002" /><testcase classname="tests.test_reliability_quality" name="test_named_scenarios_require_their_intended_behavior[primary_degraded_80-metrics3]" time="0.002" /><testcase classname="tests.test_reliability_quality" name="test_named_scenarios_require_their_intended_behavior[primary_recovers-metrics4]" time="0.001" /><testcase classname="tests.test_reliability_quality" name="test_flaky_scenario_does_not_pass_without_fallback_or_open" time="0.001" /><testcase classname="tests.test_reliability_quality" name="test_recovery_scenario_records_close_transition" time="0.235" /><testcase classname="tests.test_reliability_quality" name="test_default_simulation_and_empty_query_validation" time="0.066" /><testcase classname="tests.test_reliability_quality" name="test_multi_scenario_simulation_aggregates_every_metric" time="0.004" /><testcase classname="tests.test_reliability_quality" name="test_static_fallback_is_counted_as_failed_request" time="0.039" /><testcase classname="tests.test_reliability_quality" name="test_validation_and_empty_value_branches" time="0.018" /><testcase classname="tests.test_reliability_quality" name="test_build_gateway_supports_redis_backends" time="0.061" /><testcase classname="tests.test_reliability_quality" name="test_invalid_cache_backend_is_rejected" time="0.002" /><testcase classname="tests.test_reliability_quality" name="test_redis_shares_cost_metadata_across_instances" time="0.021" /><testcase classname="tests.test_todo_requirements" name="test_similarity_uses_ngrams_not_jaccard" time="0.001" /><testcase classname="tests.test_todo_requirements" name="test_semantic_cache_should_not_false_hit_different_intent" time="0.002" /><testcase classname="tests.test_todo_requirements" name="test_privacy_queries_never_cached" time="0.001" /><testcase classname="tests.test_todo_requirements" name="test_circuit_breaker_denies_when_open" time="0.001" /><testcase classname="tests.test_todo_requirements" name="test_half_open_failure_gives_probe_failure_reason" time="0.002" /><testcase classname="tests.test_todo_requirements" name="test_gateway_routes_through_providers" time="0.022" /><testcase classname="tests.test_todo_requirements" name="test_metrics_csv_export" time="0.034" /></testsuite></testsuites>